C:\Users\conne\Desktop\404connernotfound\404connernotfound.dev>docker compose build
[+] build 0/1
 - Image portfolio-website:latest Building                                                                          0.1s
failed to connect to the docker API at npipe:////./pipe/dockerDesktopLinuxEngine; check if the path is correct and if the daemon is running: open //./pipe/dockerDesktopLinuxEngine: The system cannot find the file specified.


C:\Users\conne\Desktop\404connernotfound\404connernotfound.dev>docker compose build
#1 [internal] load local bake definitions
#1 reading from stdin 1.69kB done
#1 DONE 0.0s

#2 [app internal] load build definition from Dockerfile
#2 transferring dockerfile: 1.59kB 0.0s done
#2 DONE 0.1s

#3 [migrate] resolve image config for docker-image://docker.io/docker/dockerfile:1
#3 DONE 1.1s

#4 [migrate] docker-image://docker.io/docker/dockerfile:1@sha256:ecfaec9ed6d810b56388c508f4121597bfbba70d41a6dfeee4d8cad5f295fc32
#4 resolve docker.io/docker/dockerfile:1@sha256:ecfaec9ed6d810b56388c508f4121597bfbba70d41a6dfeee4d8cad5f295fc32 0.0s done
#4 sha256:9f624ef51ad55db0ea52d755cc777566386156106fbb4f465eecb22c67ac55ed 0B / 14.14MB 0.2s
#4 sha256:9f624ef51ad55db0ea52d755cc777566386156106fbb4f465eecb22c67ac55ed 1.05MB / 14.14MB 0.3s
#4 sha256:9f624ef51ad55db0ea52d755cc777566386156106fbb4f465eecb22c67ac55ed 4.19MB / 14.14MB 0.5s
#4 sha256:9f624ef51ad55db0ea52d755cc777566386156106fbb4f465eecb22c67ac55ed 7.34MB / 14.14MB 0.6s
#4 sha256:9f624ef51ad55db0ea52d755cc777566386156106fbb4f465eecb22c67ac55ed 10.49MB / 14.14MB 0.8s
#4 sha256:9f624ef51ad55db0ea52d755cc777566386156106fbb4f465eecb22c67ac55ed 14.14MB / 14.14MB 0.9s done
#4 sha256:9f624ef51ad55db0ea52d755cc777566386156106fbb4f465eecb22c67ac55ed 14.14MB / 14.14MB 0.9s done
#4 extracting sha256:9f624ef51ad55db0ea52d755cc777566386156106fbb4f465eecb22c67ac55ed
#4 extracting sha256:9f624ef51ad55db0ea52d755cc777566386156106fbb4f465eecb22c67ac55ed 0.2s done
#4 extracting sha256:9f624ef51ad55db0ea52d755cc777566386156106fbb4f465eecb22c67ac55ed 0.2s done
#4 DONE 1.2s

#5 [app internal] load metadata for docker.io/library/node:24.13.0-bookworm-slim
#5 DONE 0.7s

#6 [migrate internal] load .dockerignore
#6 transferring context: 320B 0.0s done
#6 DONE 0.0s

#7 [migrate internal] load build context
#7 DONE 0.0s

#8 [migrate deps 1/5] FROM docker.io/library/node:24.13.0-bookworm-slim@sha256:4660b1ca8b28d6d1906fd644abe34b2ed81d15434d26d845ef0aced307cf4b6f
#8 resolve docker.io/library/node:24.13.0-bookworm-slim@sha256:4660b1ca8b28d6d1906fd644abe34b2ed81d15434d26d845ef0aced307cf4b6f 0.0s done
#8 sha256:d90d46d619398a297e98644390dda53d92954af45066f87aea04e2da844a6754 449B / 449B 0.1s done
#8 sha256:1a5fa97547841412bf8527a6d445748d9acfd51ee2e73ad7e76d4ede9efe6e9f 0B / 1.71MB 0.2s
#8 sha256:8db14bf7760b9640d38dc96c1b21823eaa6dcb81316334b592ab21417c36f671 0B / 49.11MB 0.2s
#8 sha256:e48f83d0e30eecff4260e3620f371c7f05122e743f4fe3f4168cd7f091948996 3.31kB / 3.31kB 0.2s done
#8 sha256:4831516dd0cb86845f5f902cb9b9d25b5c853152c337eb57e4737a9b7e2a2eb9 0B / 28.23MB 0.2s
#8 sha256:1a5fa97547841412bf8527a6d445748d9acfd51ee2e73ad7e76d4ede9efe6e9f 1.71MB / 1.71MB 0.4s done
#8 ...

#7 [app internal] load build context
#7 transferring context: 1.44MB 0.7s done
#7 DONE 0.7s

#8 [app deps 1/5] FROM docker.io/library/node:24.13.0-bookworm-slim@sha256:4660b1ca8b28d6d1906fd644abe34b2ed81d15434d26d845ef0aced307cf4b6f
#8 sha256:4831516dd0cb86845f5f902cb9b9d25b5c853152c337eb57e4737a9b7e2a2eb9 2.10MB / 28.23MB 0.8s
#8 sha256:8db14bf7760b9640d38dc96c1b21823eaa6dcb81316334b592ab21417c36f671 3.15MB / 49.11MB 1.1s
#8 sha256:4831516dd0cb86845f5f902cb9b9d25b5c853152c337eb57e4737a9b7e2a2eb9 4.19MB / 28.23MB 1.1s
#8 sha256:8db14bf7760b9640d38dc96c1b21823eaa6dcb81316334b592ab21417c36f671 6.29MB / 49.11MB 1.5s
#8 sha256:4831516dd0cb86845f5f902cb9b9d25b5c853152c337eb57e4737a9b7e2a2eb9 7.34MB / 28.23MB 1.4s
#8 sha256:4831516dd0cb86845f5f902cb9b9d25b5c853152c337eb57e4737a9b7e2a2eb9 9.44MB / 28.23MB 1.7s
#8 sha256:8db14bf7760b9640d38dc96c1b21823eaa6dcb81316334b592ab21417c36f671 9.44MB / 49.11MB 2.0s
#8 sha256:4831516dd0cb86845f5f902cb9b9d25b5c853152c337eb57e4737a9b7e2a2eb9 11.53MB / 28.23MB 1.8s
#8 sha256:4831516dd0cb86845f5f902cb9b9d25b5c853152c337eb57e4737a9b7e2a2eb9 14.68MB / 28.23MB 2.1s
#8 sha256:8db14bf7760b9640d38dc96c1b21823eaa6dcb81316334b592ab21417c36f671 12.58MB / 49.11MB 2.4s
#8 sha256:4831516dd0cb86845f5f902cb9b9d25b5c853152c337eb57e4737a9b7e2a2eb9 17.83MB / 28.23MB 2.4s
#8 sha256:8db14bf7760b9640d38dc96c1b21823eaa6dcb81316334b592ab21417c36f671 15.73MB / 49.11MB 2.7s
#8 sha256:4831516dd0cb86845f5f902cb9b9d25b5c853152c337eb57e4737a9b7e2a2eb9 20.97MB / 28.23MB 2.7s
#8 sha256:8db14bf7760b9640d38dc96c1b21823eaa6dcb81316334b592ab21417c36f671 18.87MB / 49.11MB 3.2s
#8 sha256:4831516dd0cb86845f5f902cb9b9d25b5c853152c337eb57e4737a9b7e2a2eb9 24.12MB / 28.23MB 3.0s
#8 sha256:4831516dd0cb86845f5f902cb9b9d25b5c853152c337eb57e4737a9b7e2a2eb9 26.21MB / 28.23MB 3.2s
#8 sha256:4831516dd0cb86845f5f902cb9b9d25b5c853152c337eb57e4737a9b7e2a2eb9 28.23MB / 28.23MB 3.3s done
#8 sha256:8db14bf7760b9640d38dc96c1b21823eaa6dcb81316334b592ab21417c36f671 23.07MB / 49.11MB 3.6s
#8 sha256:4831516dd0cb86845f5f902cb9b9d25b5c853152c337eb57e4737a9b7e2a2eb9 28.23MB / 28.23MB 3.3s done
#8 extracting sha256:4831516dd0cb86845f5f902cb9b9d25b5c853152c337eb57e4737a9b7e2a2eb9
#8 sha256:8db14bf7760b9640d38dc96c1b21823eaa6dcb81316334b592ab21417c36f671 26.21MB / 49.11MB 3.9s
#8 sha256:8db14bf7760b9640d38dc96c1b21823eaa6dcb81316334b592ab21417c36f671 30.41MB / 49.11MB 4.2s
#8 sha256:8db14bf7760b9640d38dc96c1b21823eaa6dcb81316334b592ab21417c36f671 34.60MB / 49.11MB 4.5s
#8 sha256:8db14bf7760b9640d38dc96c1b21823eaa6dcb81316334b592ab21417c36f671 38.80MB / 49.11MB 4.8s
#8 sha256:8db14bf7760b9640d38dc96c1b21823eaa6dcb81316334b592ab21417c36f671 41.94MB / 49.11MB 5.0s
#8 extracting sha256:4831516dd0cb86845f5f902cb9b9d25b5c853152c337eb57e4737a9b7e2a2eb9 1.6s done
#8 extracting sha256:e48f83d0e30eecff4260e3620f371c7f05122e743f4fe3f4168cd7f091948996 0.0s done
#8 sha256:8db14bf7760b9640d38dc96c1b21823eaa6dcb81316334b592ab21417c36f671 46.14MB / 49.11MB 5.3s
#8 extracting sha256:e48f83d0e30eecff4260e3620f371c7f05122e743f4fe3f4168cd7f091948996 0.0s done
#8 sha256:8db14bf7760b9640d38dc96c1b21823eaa6dcb81316334b592ab21417c36f671 49.11MB / 49.11MB 5.4s
#8 sha256:8db14bf7760b9640d38dc96c1b21823eaa6dcb81316334b592ab21417c36f671 49.11MB / 49.11MB 5.4s done
#8 extracting sha256:8db14bf7760b9640d38dc96c1b21823eaa6dcb81316334b592ab21417c36f671
#8 extracting sha256:8db14bf7760b9640d38dc96c1b21823eaa6dcb81316334b592ab21417c36f671 1.5s done
#8 extracting sha256:8db14bf7760b9640d38dc96c1b21823eaa6dcb81316334b592ab21417c36f671 1.5s done
#8 extracting sha256:1a5fa97547841412bf8527a6d445748d9acfd51ee2e73ad7e76d4ede9efe6e9f 0.1s done
#8 extracting sha256:1a5fa97547841412bf8527a6d445748d9acfd51ee2e73ad7e76d4ede9efe6e9f 0.1s done
#8 extracting sha256:d90d46d619398a297e98644390dda53d92954af45066f87aea04e2da844a6754 0.0s done
#8 DONE 7.4s

#9 [app deps 2/5] WORKDIR /app
#9 DONE 0.2s

#10 [static-seed deps 3/5] RUN apt-get update   && apt-get install -y --no-install-recommends python3 make g++  && rm -rf /var/lib/apt/lists/*
#10 0.409 Get:1 http://deb.debian.org/debian bookworm InRelease [151 kB]
#10 0.498 Get:2 http://deb.debian.org/debian bookworm-updates InRelease [55.4 kB]
#10 0.536 Get:3 http://deb.debian.org/debian-security bookworm-security InRelease [34.8 kB]
#10 0.589 Get:4 http://deb.debian.org/debian bookworm/main amd64 Packages [8790 kB]
#10 1.252 Get:5 http://deb.debian.org/debian bookworm-updates/main amd64 Packages [6924 B]
#10 1.252 Get:6 http://deb.debian.org/debian-security bookworm-security/main amd64 Packages [339 kB]
#10 2.152 Fetched 9378 kB in 2s (4989 kB/s)
#10 2.152 Reading package lists...
#10 2.688 Reading package lists...
#10 3.189 Building dependency tree...
#10 3.315 Reading state information...
#10 3.471 The following additional packages will be installed:
#10 3.471   binutils binutils-common binutils-x86-64-linux-gnu cpp cpp-12 g++-12 gcc
#10 3.471   gcc-12 libasan8 libatomic1 libbinutils libc-bin libc-dev-bin libc6 libc6-dev
#10 3.471   libcc1-0 libcrypt-dev libctf-nobfd0 libctf0 libexpat1 libgcc-12-dev libgomp1
#10 3.471   libgprofng0 libgssapi-krb5-2 libisl23 libitm1 libjansson4 libk5crypto3
#10 3.471   libkeyutils1 libkrb5-3 libkrb5support0 liblsan0 libmpc3 libmpfr6
#10 3.471   libncursesw6 libnsl-dev libnsl2 libpython3-stdlib libpython3.11-minimal
#10 3.472   libpython3.11-stdlib libquadmath0 libreadline8 libsqlite3-0 libssl3
#10 3.472   libstdc++-12-dev libtirpc-common libtirpc-dev libtirpc3 libtsan2 libubsan1
#10 3.473   linux-libc-dev media-types python3-minimal python3.11 python3.11-minimal
#10 3.473   readline-common rpcsvc-proto
#10 3.477 Suggested packages:
#10 3.477   binutils-doc cpp-doc gcc-12-locales cpp-12-doc g++-multilib g++-12-multilib
#10 3.477   gcc-12-doc gcc-multilib manpages-dev autoconf automake libtool flex bison
#10 3.477   gdb gcc-doc gcc-12-multilib glibc-doc libc-l10n locales libnss-nis
#10 3.477   libnss-nisplus krb5-doc krb5-user libstdc++-12-doc make-doc python3-doc
#10 3.477   python3-tk python3-venv python3.11-venv python3.11-doc binfmt-support
#10 3.477   readline-doc
#10 3.477 Recommended packages:
#10 3.477   manpages manpages-dev libc-devtools krb5-locales libgpm2 ca-certificates
#10 3.768 The following NEW packages will be installed:
#10 3.768   binutils binutils-common binutils-x86-64-linux-gnu cpp cpp-12 g++ g++-12 gcc
#10 3.768   gcc-12 libasan8 libatomic1 libbinutils libc-dev-bin libc6-dev libcc1-0
#10 3.768   libcrypt-dev libctf-nobfd0 libctf0 libexpat1 libgcc-12-dev libgomp1
#10 3.768   libgprofng0 libgssapi-krb5-2 libisl23 libitm1 libjansson4 libk5crypto3
#10 3.768   libkeyutils1 libkrb5-3 libkrb5support0 liblsan0 libmpc3 libmpfr6
#10 3.768   libncursesw6 libnsl-dev libnsl2 libpython3-stdlib libpython3.11-minimal
#10 3.769   libpython3.11-stdlib libquadmath0 libreadline8 libsqlite3-0 libssl3
#10 3.769   libstdc++-12-dev libtirpc-common libtirpc-dev libtirpc3 libtsan2 libubsan1
#10 3.770   linux-libc-dev make media-types python3 python3-minimal python3.11
#10 3.771   python3.11-minimal readline-common rpcsvc-proto
#10 3.772 The following packages will be upgraded:
#10 3.775   libc-bin libc6
#10 3.863 2 upgraded, 58 newly installed, 0 to remove and 11 not upgraded.
#10 3.863 Need to get 76.6 MB of archives.
#10 3.863 After this operation, 294 MB of additional disk space will be used.
#10 3.863 Get:1 http://deb.debian.org/debian bookworm/main amd64 libc6 amd64 2.36-9+deb12u14 [2759 kB]
#10 4.169 Get:2 http://deb.debian.org/debian bookworm/main amd64 libc-bin amd64 2.36-9+deb12u14 [609 kB]
#10 4.238 Get:3 http://deb.debian.org/debian bookworm/main amd64 libssl3 amd64 3.0.20-1~deb12u2 [2036 kB]
#10 4.401 Get:4 http://deb.debian.org/debian bookworm/main amd64 libpython3.11-minimal amd64 3.11.2-6+deb12u8 [818 kB]
#10 4.453 Get:5 http://deb.debian.org/debian bookworm/main amd64 libexpat1 amd64 2.5.0-1+deb12u2 [99.9 kB]
#10 4.458 Get:6 http://deb.debian.org/debian bookworm/main amd64 python3.11-minimal amd64 3.11.2-6+deb12u8 [2065 kB]
#10 4.564 Get:7 http://deb.debian.org/debian bookworm/main amd64 python3-minimal amd64 3.11.2-1+b1 [26.3 kB]
#10 4.564 Get:8 http://deb.debian.org/debian bookworm/main amd64 media-types all 10.0.0 [26.1 kB]
#10 4.567 Get:9 http://deb.debian.org/debian bookworm/main amd64 libncursesw6 amd64 6.4-4 [134 kB]
#10 4.574 Get:10 http://deb.debian.org/debian bookworm/main amd64 libkrb5support0 amd64 1.20.1-2+deb12u5 [33.2 kB]
#10 4.575 Get:11 http://deb.debian.org/debian bookworm/main amd64 libk5crypto3 amd64 1.20.1-2+deb12u5 [79.7 kB]
#10 4.579 Get:12 http://deb.debian.org/debian bookworm/main amd64 libkeyutils1 amd64 1.6.3-2 [8808 B]
#10 4.579 Get:13 http://deb.debian.org/debian bookworm/main amd64 libkrb5-3 amd64 1.20.1-2+deb12u5 [332 kB]
#10 4.603 Get:14 http://deb.debian.org/debian bookworm/main amd64 libgssapi-krb5-2 amd64 1.20.1-2+deb12u5 [135 kB]
#10 4.609 Get:15 http://deb.debian.org/debian bookworm/main amd64 libtirpc-common all 1.3.3+ds-1 [14.0 kB]
#10 4.610 Get:16 http://deb.debian.org/debian bookworm/main amd64 libtirpc3 amd64 1.3.3+ds-1 [85.2 kB]
#10 4.619 Get:17 http://deb.debian.org/debian bookworm/main amd64 libnsl2 amd64 1.3.0-2 [39.5 kB]
#10 4.621 Get:18 http://deb.debian.org/debian bookworm/main amd64 readline-common all 8.2-1.3 [69.0 kB]
#10 4.652 Get:19 http://deb.debian.org/debian bookworm/main amd64 libreadline8 amd64 8.2-1.3 [166 kB]
#10 4.698 Get:20 http://deb.debian.org/debian bookworm/main amd64 libsqlite3-0 amd64 3.40.1-2+deb12u2 [839 kB]
#10 4.746 Get:21 http://deb.debian.org/debian bookworm/main amd64 libpython3.11-stdlib amd64 3.11.2-6+deb12u8 [1799 kB]
#10 4.839 Get:22 http://deb.debian.org/debian bookworm/main amd64 python3.11 amd64 3.11.2-6+deb12u8 [574 kB]
#10 4.869 Get:23 http://deb.debian.org/debian bookworm/main amd64 libpython3-stdlib amd64 3.11.2-1+b1 [9312 B]
#10 4.870 Get:24 http://deb.debian.org/debian bookworm/main amd64 python3 amd64 3.11.2-1+b1 [26.3 kB]
#10 4.872 Get:25 http://deb.debian.org/debian bookworm/main amd64 binutils-common amd64 2.40-2 [2487 kB]
#10 5.039 Get:26 http://deb.debian.org/debian bookworm/main amd64 libbinutils amd64 2.40-2 [572 kB]
#10 5.103 Get:27 http://deb.debian.org/debian bookworm/main amd64 libctf-nobfd0 amd64 2.40-2 [153 kB]
#10 5.120 Get:28 http://deb.debian.org/debian bookworm/main amd64 libctf0 amd64 2.40-2 [89.8 kB]
#10 5.123 Get:29 http://deb.debian.org/debian bookworm/main amd64 libgprofng0 amd64 2.40-2 [812 kB]
#10 5.160 Get:30 http://deb.debian.org/debian bookworm/main amd64 libjansson4 amd64 2.14-2 [40.8 kB]
#10 5.194 Get:31 http://deb.debian.org/debian bookworm/main amd64 binutils-x86-64-linux-gnu amd64 2.40-2 [2246 kB]
#10 5.326 Get:32 http://deb.debian.org/debian bookworm/main amd64 binutils amd64 2.40-2 [65.0 kB]
#10 5.330 Get:33 http://deb.debian.org/debian bookworm/main amd64 libisl23 amd64 0.25-1.1 [683 kB]
#10 5.365 Get:34 http://deb.debian.org/debian bookworm/main amd64 libmpfr6 amd64 4.2.0-1 [701 kB]
#10 5.411 Get:35 http://deb.debian.org/debian bookworm/main amd64 libmpc3 amd64 1.3.1-1 [51.5 kB]
#10 5.415 Get:36 http://deb.debian.org/debian bookworm/main amd64 cpp-12 amd64 12.2.0-14+deb12u1 [9768 kB]
#10 6.001 Get:37 http://deb.debian.org/debian bookworm/main amd64 cpp amd64 4:12.2.0-3 [6836 B]
#10 6.002 Get:38 http://deb.debian.org/debian bookworm/main amd64 libcc1-0 amd64 12.2.0-14+deb12u1 [41.7 kB]
#10 6.005 Get:39 http://deb.debian.org/debian bookworm/main amd64 libgomp1 amd64 12.2.0-14+deb12u1 [116 kB]
#10 6.010 Get:40 http://deb.debian.org/debian bookworm/main amd64 libitm1 amd64 12.2.0-14+deb12u1 [26.1 kB]
#10 6.011 Get:41 http://deb.debian.org/debian bookworm/main amd64 libatomic1 amd64 12.2.0-14+deb12u1 [9376 B]
#10 6.012 Get:42 http://deb.debian.org/debian bookworm/main amd64 libasan8 amd64 12.2.0-14+deb12u1 [2193 kB]
#10 6.168 Get:43 http://deb.debian.org/debian bookworm/main amd64 liblsan0 amd64 12.2.0-14+deb12u1 [969 kB]
#10 6.272 Get:44 http://deb.debian.org/debian bookworm/main amd64 libtsan2 amd64 12.2.0-14+deb12u1 [2197 kB]
#10 6.418 Get:45 http://deb.debian.org/debian bookworm/main amd64 libubsan1 amd64 12.2.0-14+deb12u1 [883 kB]
#10 6.490 Get:46 http://deb.debian.org/debian bookworm/main amd64 libquadmath0 amd64 12.2.0-14+deb12u1 [145 kB]
#10 6.505 Get:47 http://deb.debian.org/debian bookworm/main amd64 libgcc-12-dev amd64 12.2.0-14+deb12u1 [2437 kB]
#10 6.645 Get:48 http://deb.debian.org/debian bookworm/main amd64 gcc-12 amd64 12.2.0-14+deb12u1 [19.3 MB]
#10 7.683 Get:49 http://deb.debian.org/debian bookworm/main amd64 gcc amd64 4:12.2.0-3 [5216 B]
#10 7.683 Get:50 http://deb.debian.org/debian bookworm/main amd64 libc-dev-bin amd64 2.36-9+deb12u14 [48.1 kB]
#10 7.685 Get:51 http://deb.debian.org/debian-security bookworm-security/main amd64 linux-libc-dev amd64 6.1.180-1 [2332 kB]
#10 7.825 Get:52 http://deb.debian.org/debian bookworm/main amd64 libcrypt-dev amd64 1:4.4.33-2 [118 kB]
#10 7.869 Get:53 http://deb.debian.org/debian bookworm/main amd64 libtirpc-dev amd64 1.3.3+ds-1 [191 kB]
#10 7.890 Get:54 http://deb.debian.org/debian bookworm/main amd64 libnsl-dev amd64 1.3.0-2 [66.4 kB]
#10 7.894 Get:55 http://deb.debian.org/debian bookworm/main amd64 rpcsvc-proto amd64 1.4.3-1 [63.3 kB]
#10 7.928 Get:56 http://deb.debian.org/debian bookworm/main amd64 libc6-dev amd64 2.36-9+deb12u14 [1904 kB]
#10 8.081 Get:57 http://deb.debian.org/debian bookworm/main amd64 libstdc++-12-dev amd64 12.2.0-14+deb12u1 [2047 kB]
#10 8.221 Get:58 http://deb.debian.org/debian bookworm/main amd64 g++-12 amd64 12.2.0-14+deb12u1 [10.7 MB]
#10 8.975 Get:59 http://deb.debian.org/debian bookworm/main amd64 g++ amd64 4:12.2.0-3 [1356 B]
#10 8.976 Get:60 http://deb.debian.org/debian bookworm/main amd64 make amd64 4.3-4.1 [396 kB]
#10 9.142 debconf: delaying package configuration, since apt-utils is not installed
#10 9.174 Fetched 76.6 MB in 5s (14.7 MB/s)
(Reading database ... 6096 files and directories currently installed.)
#10 9.233 Preparing to unpack .../libc6_2.36-9+deb12u14_amd64.deb ...
#10 9.325 debconf: unable to initialize frontend: Dialog
#10 9.325 debconf: (TERM is not set, so the dialog frontend is not usable.)
#10 9.325 debconf: falling back to frontend: Readline
#10 9.325 debconf: unable to initialize frontend: Readline
#10 9.325 debconf: (Can't locate Term/ReadLine.pm in @INC (you may need to install the Term::ReadLine module) (@INC contains: /etc/perl /usr/local/lib/x86_64-linux-gnu/perl/5.36.0 /usr/local/share/perl/5.36.0 /usr/lib/x86_64-linux-gnu/perl5/5.36 /usr/share/perl5 /usr/lib/x86_64-linux-gnu/perl-base /usr/lib/x86_64-linux-gnu/perl/5.36 /usr/share/perl/5.36 /usr/local/lib/site_perl) at /usr/share/perl5/Debconf/FrontEnd/Readline.pm line 7.)
#10 9.325 debconf: falling back to frontend: Teletype
#10 9.372 Unpacking libc6:amd64 (2.36-9+deb12u14) over (2.36-9+deb12u13) ...
#10 10.47 Setting up libc6:amd64 (2.36-9+deb12u14) ...
#10 10.55 debconf: unable to initialize frontend: Dialog
#10 10.55 debconf: (TERM is not set, so the dialog frontend is not usable.)
#10 10.55 debconf: falling back to frontend: Readline
#10 10.55 debconf: unable to initialize frontend: Readline
#10 10.55 debconf: (Can't locate Term/ReadLine.pm in @INC (you may need to install the Term::ReadLine module) (@INC contains: /etc/perl /usr/local/lib/x86_64-linux-gnu/perl/5.36.0 /usr/local/share/perl/5.36.0 /usr/lib/x86_64-linux-gnu/perl5/5.36 /usr/share/perl5 /usr/lib/x86_64-linux-gnu/perl-base /usr/lib/x86_64-linux-gnu/perl/5.36 /usr/share/perl/5.36 /usr/local/lib/site_perl) at /usr/share/perl5/Debconf/FrontEnd/Readline.pm line 7.)
#10 10.55 debconf: falling back to frontend: Teletype
(Reading database ... 6096 files and directories currently installed.)
#10 11.65 Preparing to unpack .../libc-bin_2.36-9+deb12u14_amd64.deb ...
#10 11.67 Unpacking libc-bin (2.36-9+deb12u14) over (2.36-9+deb12u13) ...
#10 11.85 Setting up libc-bin (2.36-9+deb12u14) ...
#10 11.94 Selecting previously unselected package libssl3:amd64.
(Reading database ... 6096 files and directories currently installed.)
#10 11.95 Preparing to unpack .../libssl3_3.0.20-1~deb12u2_amd64.deb ...
#10 11.96 Unpacking libssl3:amd64 (3.0.20-1~deb12u2) ...
#10 12.12 Selecting previously unselected package libpython3.11-minimal:amd64.
#10 12.12 Preparing to unpack .../libpython3.11-minimal_3.11.2-6+deb12u8_amd64.deb ...
#10 12.13 Unpacking libpython3.11-minimal:amd64 (3.11.2-6+deb12u8) ...
#10 12.24 Selecting previously unselected package libexpat1:amd64.
#10 12.24 Preparing to unpack .../libexpat1_2.5.0-1+deb12u2_amd64.deb ...
#10 12.25 Unpacking libexpat1:amd64 (2.5.0-1+deb12u2) ...
#10 12.30 Selecting previously unselected package python3.11-minimal.
#10 12.30 Preparing to unpack .../python3.11-minimal_3.11.2-6+deb12u8_amd64.deb ...
#10 12.31 Unpacking python3.11-minimal (3.11.2-6+deb12u8) ...
#10 12.49 Setting up libssl3:amd64 (3.0.20-1~deb12u2) ...
#10 12.51 Setting up libpython3.11-minimal:amd64 (3.11.2-6+deb12u8) ...
#10 12.53 Setting up libexpat1:amd64 (2.5.0-1+deb12u2) ...
#10 12.55 Setting up python3.11-minimal (3.11.2-6+deb12u8) ...
#10 13.17 Selecting previously unselected package python3-minimal.
(Reading database ... 6424 files and directories currently installed.)
#10 13.18 Preparing to unpack .../00-python3-minimal_3.11.2-1+b1_amd64.deb ...
#10 13.19 Unpacking python3-minimal (3.11.2-1+b1) ...
#10 13.23 Selecting previously unselected package media-types.
#10 13.23 Preparing to unpack .../01-media-types_10.0.0_all.deb ...
#10 13.23 Unpacking media-types (10.0.0) ...
#10 13.28 Selecting previously unselected package libncursesw6:amd64.
#10 13.28 Preparing to unpack .../02-libncursesw6_6.4-4_amd64.deb ...
#10 13.29 Unpacking libncursesw6:amd64 (6.4-4) ...
#10 13.34 Selecting previously unselected package libkrb5support0:amd64.
#10 13.34 Preparing to unpack .../03-libkrb5support0_1.20.1-2+deb12u5_amd64.deb ...
#10 13.35 Unpacking libkrb5support0:amd64 (1.20.1-2+deb12u5) ...
#10 13.39 Selecting previously unselected package libk5crypto3:amd64.
#10 13.39 Preparing to unpack .../04-libk5crypto3_1.20.1-2+deb12u5_amd64.deb ...
#10 13.40 Unpacking libk5crypto3:amd64 (1.20.1-2+deb12u5) ...
#10 13.45 Selecting previously unselected package libkeyutils1:amd64.
#10 13.45 Preparing to unpack .../05-libkeyutils1_1.6.3-2_amd64.deb ...
#10 13.46 Unpacking libkeyutils1:amd64 (1.6.3-2) ...
#10 13.50 Selecting previously unselected package libkrb5-3:amd64.
#10 13.50 Preparing to unpack .../06-libkrb5-3_1.20.1-2+deb12u5_amd64.deb ...
#10 13.51 Unpacking libkrb5-3:amd64 (1.20.1-2+deb12u5) ...
#10 13.58 Selecting previously unselected package libgssapi-krb5-2:amd64.
#10 13.58 Preparing to unpack .../07-libgssapi-krb5-2_1.20.1-2+deb12u5_amd64.deb ...
#10 13.59 Unpacking libgssapi-krb5-2:amd64 (1.20.1-2+deb12u5) ...
#10 13.63 Selecting previously unselected package libtirpc-common.
#10 13.63 Preparing to unpack .../08-libtirpc-common_1.3.3+ds-1_all.deb ...
#10 13.64 Unpacking libtirpc-common (1.3.3+ds-1) ...
#10 13.69 Selecting previously unselected package libtirpc3:amd64.
#10 13.69 Preparing to unpack .../09-libtirpc3_1.3.3+ds-1_amd64.deb ...
#10 13.69 Unpacking libtirpc3:amd64 (1.3.3+ds-1) ...
#10 13.74 Selecting previously unselected package libnsl2:amd64.
#10 13.74 Preparing to unpack .../10-libnsl2_1.3.0-2_amd64.deb ...
#10 13.75 Unpacking libnsl2:amd64 (1.3.0-2) ...
#10 13.79 Selecting previously unselected package readline-common.
#10 13.80 Preparing to unpack .../11-readline-common_8.2-1.3_all.deb ...
#10 13.80 Unpacking readline-common (8.2-1.3) ...
#10 13.85 Selecting previously unselected package libreadline8:amd64.
#10 13.85 Preparing to unpack .../12-libreadline8_8.2-1.3_amd64.deb ...
#10 13.86 Unpacking libreadline8:amd64 (8.2-1.3) ...
#10 13.91 Selecting previously unselected package libsqlite3-0:amd64.
#10 13.91 Preparing to unpack .../13-libsqlite3-0_3.40.1-2+deb12u2_amd64.deb ...
#10 13.92 Unpacking libsqlite3-0:amd64 (3.40.1-2+deb12u2) ...
#10 14.00 Selecting previously unselected package libpython3.11-stdlib:amd64.
#10 14.00 Preparing to unpack .../14-libpython3.11-stdlib_3.11.2-6+deb12u8_amd64.deb ...
#10 14.00 Unpacking libpython3.11-stdlib:amd64 (3.11.2-6+deb12u8) ...
#10 14.17 Selecting previously unselected package python3.11.
#10 14.17 Preparing to unpack .../15-python3.11_3.11.2-6+deb12u8_amd64.deb ...
#10 14.18 Unpacking python3.11 (3.11.2-6+deb12u8) ...
#10 14.23 Selecting previously unselected package libpython3-stdlib:amd64.
#10 14.23 Preparing to unpack .../16-libpython3-stdlib_3.11.2-1+b1_amd64.deb ...
#10 14.23 Unpacking libpython3-stdlib:amd64 (3.11.2-1+b1) ...
#10 14.27 Setting up python3-minimal (3.11.2-1+b1) ...
#10 14.44 Selecting previously unselected package python3.
(Reading database ... 6932 files and directories currently installed.)
#10 14.45 Preparing to unpack .../00-python3_3.11.2-1+b1_amd64.deb ...
#10 14.46 Unpacking python3 (3.11.2-1+b1) ...
#10 14.50 Selecting previously unselected package binutils-common:amd64.
#10 14.50 Preparing to unpack .../01-binutils-common_2.40-2_amd64.deb ...
#10 14.51 Unpacking binutils-common:amd64 (2.40-2) ...
#10 14.73 Selecting previously unselected package libbinutils:amd64.
#10 14.73 Preparing to unpack .../02-libbinutils_2.40-2_amd64.deb ...
#10 14.74 Unpacking libbinutils:amd64 (2.40-2) ...
#10 14.82 Selecting previously unselected package libctf-nobfd0:amd64.
#10 14.82 Preparing to unpack .../03-libctf-nobfd0_2.40-2_amd64.deb ...
#10 14.83 Unpacking libctf-nobfd0:amd64 (2.40-2) ...
#10 14.88 Selecting previously unselected package libctf0:amd64.
#10 14.89 Preparing to unpack .../04-libctf0_2.40-2_amd64.deb ...
#10 14.89 Unpacking libctf0:amd64 (2.40-2) ...
#10 14.94 Selecting previously unselected package libgprofng0:amd64.
#10 14.94 Preparing to unpack .../05-libgprofng0_2.40-2_amd64.deb ...
#10 14.95 Unpacking libgprofng0:amd64 (2.40-2) ...
#10 15.06 Selecting previously unselected package libjansson4:amd64.
#10 15.07 Preparing to unpack .../06-libjansson4_2.14-2_amd64.deb ...
#10 15.07 Unpacking libjansson4:amd64 (2.14-2) ...
#10 15.11 Selecting previously unselected package binutils-x86-64-linux-gnu.
#10 15.11 Preparing to unpack .../07-binutils-x86-64-linux-gnu_2.40-2_amd64.deb ...
#10 15.12 Unpacking binutils-x86-64-linux-gnu (2.40-2) ...
#10 15.33 Selecting previously unselected package binutils.
#10 15.33 Preparing to unpack .../08-binutils_2.40-2_amd64.deb ...
#10 15.34 Unpacking binutils (2.40-2) ...
#10 15.39 Selecting previously unselected package libisl23:amd64.
#10 15.39 Preparing to unpack .../09-libisl23_0.25-1.1_amd64.deb ...
#10 15.40 Unpacking libisl23:amd64 (0.25-1.1) ...
#10 15.49 Selecting previously unselected package libmpfr6:amd64.
#10 15.49 Preparing to unpack .../10-libmpfr6_4.2.0-1_amd64.deb ...
#10 15.50 Unpacking libmpfr6:amd64 (4.2.0-1) ...
#10 15.57 Selecting previously unselected package libmpc3:amd64.
#10 15.57 Preparing to unpack .../11-libmpc3_1.3.1-1_amd64.deb ...
#10 15.58 Unpacking libmpc3:amd64 (1.3.1-1) ...
#10 15.62 Selecting previously unselected package cpp-12.
#10 15.62 Preparing to unpack .../12-cpp-12_12.2.0-14+deb12u1_amd64.deb ...
#10 15.63 Unpacking cpp-12 (12.2.0-14+deb12u1) ...
#10 16.32 Selecting previously unselected package cpp.
#10 16.32 Preparing to unpack .../13-cpp_4%3a12.2.0-3_amd64.deb ...
#10 16.33 Unpacking cpp (4:12.2.0-3) ...
#10 16.37 Selecting previously unselected package libcc1-0:amd64.
#10 16.38 Preparing to unpack .../14-libcc1-0_12.2.0-14+deb12u1_amd64.deb ...
#10 16.38 Unpacking libcc1-0:amd64 (12.2.0-14+deb12u1) ...
#10 16.43 Selecting previously unselected package libgomp1:amd64.
#10 16.43 Preparing to unpack .../15-libgomp1_12.2.0-14+deb12u1_amd64.deb ...
#10 16.43 Unpacking libgomp1:amd64 (12.2.0-14+deb12u1) ...
#10 16.49 Selecting previously unselected package libitm1:amd64.
#10 16.49 Preparing to unpack .../16-libitm1_12.2.0-14+deb12u1_amd64.deb ...
#10 16.49 Unpacking libitm1:amd64 (12.2.0-14+deb12u1) ...
#10 16.54 Selecting previously unselected package libatomic1:amd64.
#10 16.55 Preparing to unpack .../17-libatomic1_12.2.0-14+deb12u1_amd64.deb ...
#10 16.55 Unpacking libatomic1:amd64 (12.2.0-14+deb12u1) ...
#10 16.60 Selecting previously unselected package libasan8:amd64.
#10 16.60 Preparing to unpack .../18-libasan8_12.2.0-14+deb12u1_amd64.deb ...
#10 16.60 Unpacking libasan8:amd64 (12.2.0-14+deb12u1) ...
#10 16.83 Selecting previously unselected package liblsan0:amd64.
#10 16.83 Preparing to unpack .../19-liblsan0_12.2.0-14+deb12u1_amd64.deb ...
#10 16.84 Unpacking liblsan0:amd64 (12.2.0-14+deb12u1) ...
#10 16.95 Selecting previously unselected package libtsan2:amd64.
#10 16.95 Preparing to unpack .../20-libtsan2_12.2.0-14+deb12u1_amd64.deb ...
#10 16.96 Unpacking libtsan2:amd64 (12.2.0-14+deb12u1) ...
#10 17.20 Selecting previously unselected package libubsan1:amd64.
#10 17.20 Preparing to unpack .../21-libubsan1_12.2.0-14+deb12u1_amd64.deb ...
#10 17.20 Unpacking libubsan1:amd64 (12.2.0-14+deb12u1) ...
#10 17.31 Selecting previously unselected package libquadmath0:amd64.
#10 17.31 Preparing to unpack .../22-libquadmath0_12.2.0-14+deb12u1_amd64.deb ...
#10 17.32 Unpacking libquadmath0:amd64 (12.2.0-14+deb12u1) ...
#10 17.37 Selecting previously unselected package libgcc-12-dev:amd64.
#10 17.37 Preparing to unpack .../23-libgcc-12-dev_12.2.0-14+deb12u1_amd64.deb ...
#10 17.37 Unpacking libgcc-12-dev:amd64 (12.2.0-14+deb12u1) ...
#10 17.57 Selecting previously unselected package gcc-12.
#10 17.57 Preparing to unpack .../24-gcc-12_12.2.0-14+deb12u1_amd64.deb ...
#10 17.57 Unpacking gcc-12 (12.2.0-14+deb12u1) ...
#10 18.30 Selecting previously unselected package gcc.
#10 18.30 Preparing to unpack .../25-gcc_4%3a12.2.0-3_amd64.deb ...
#10 18.30 Unpacking gcc (4:12.2.0-3) ...
#10 18.34 Selecting previously unselected package libc-dev-bin.
#10 18.34 Preparing to unpack .../26-libc-dev-bin_2.36-9+deb12u14_amd64.deb ...
#10 18.35 Unpacking libc-dev-bin (2.36-9+deb12u14) ...
#10 18.39 Selecting previously unselected package linux-libc-dev:amd64.
#10 18.39 Preparing to unpack .../27-linux-libc-dev_6.1.180-1_amd64.deb ...
#10 18.39 Unpacking linux-libc-dev:amd64 (6.1.180-1) ...
#10 18.59 Selecting previously unselected package libcrypt-dev:amd64.
#10 18.59 Preparing to unpack .../28-libcrypt-dev_1%3a4.4.33-2_amd64.deb ...
#10 18.60 Unpacking libcrypt-dev:amd64 (1:4.4.33-2) ...
#10 18.64 Selecting previously unselected package libtirpc-dev:amd64.
#10 18.64 Preparing to unpack .../29-libtirpc-dev_1.3.3+ds-1_amd64.deb ...
#10 18.65 Unpacking libtirpc-dev:amd64 (1.3.3+ds-1) ...
#10 18.70 Selecting previously unselected package libnsl-dev:amd64.
#10 18.70 Preparing to unpack .../30-libnsl-dev_1.3.0-2_amd64.deb ...
#10 18.71 Unpacking libnsl-dev:amd64 (1.3.0-2) ...
#10 18.75 Selecting previously unselected package rpcsvc-proto.
#10 18.75 Preparing to unpack .../31-rpcsvc-proto_1.4.3-1_amd64.deb ...
#10 18.76 Unpacking rpcsvc-proto (1.4.3-1) ...
#10 18.80 Selecting previously unselected package libc6-dev:amd64.
#10 18.80 Preparing to unpack .../32-libc6-dev_2.36-9+deb12u14_amd64.deb ...
#10 18.80 Unpacking libc6-dev:amd64 (2.36-9+deb12u14) ...
#10 18.99 Selecting previously unselected package libstdc++-12-dev:amd64.
#10 18.99 Preparing to unpack .../33-libstdc++-12-dev_12.2.0-14+deb12u1_amd64.deb ...
#10 19.00 Unpacking libstdc++-12-dev:amd64 (12.2.0-14+deb12u1) ...
#10 19.21 Selecting previously unselected package g++-12.
#10 19.21 Preparing to unpack .../34-g++-12_12.2.0-14+deb12u1_amd64.deb ...
#10 19.22 Unpacking g++-12 (12.2.0-14+deb12u1) ...
#10 19.90 Selecting previously unselected package g++.
#10 19.90 Preparing to unpack .../35-g++_4%3a12.2.0-3_amd64.deb ...
#10 19.91 Unpacking g++ (4:12.2.0-3) ...
#10 19.94 Selecting previously unselected package make.
#10 19.94 Preparing to unpack .../36-make_4.3-4.1_amd64.deb ...
#10 19.95 Unpacking make (4.3-4.1) ...
#10 20.02 Setting up media-types (10.0.0) ...
#10 20.05 Setting up libkeyutils1:amd64 (1.6.3-2) ...
#10 20.06 Setting up libtirpc-common (1.3.3+ds-1) ...
#10 20.09 Setting up libsqlite3-0:amd64 (3.40.1-2+deb12u2) ...
#10 20.10 Setting up binutils-common:amd64 (2.40-2) ...
#10 20.12 Setting up linux-libc-dev:amd64 (6.1.180-1) ...
#10 20.14 Setting up libctf-nobfd0:amd64 (2.40-2) ...
#10 20.15 Setting up libgomp1:amd64 (12.2.0-14+deb12u1) ...
#10 20.17 Setting up libjansson4:amd64 (2.14-2) ...
#10 20.19 Setting up libkrb5support0:amd64 (1.20.1-2+deb12u5) ...
#10 20.20 Setting up rpcsvc-proto (1.4.3-1) ...
#10 20.22 Setting up make (4.3-4.1) ...
#10 20.23 Setting up libmpfr6:amd64 (4.2.0-1) ...
#10 20.25 Setting up libquadmath0:amd64 (12.2.0-14+deb12u1) ...
#10 20.26 Setting up libmpc3:amd64 (1.3.1-1) ...
#10 20.28 Setting up libatomic1:amd64 (12.2.0-14+deb12u1) ...
#10 20.29 Setting up libncursesw6:amd64 (6.4-4) ...
#10 20.31 Setting up libk5crypto3:amd64 (1.20.1-2+deb12u5) ...
#10 20.32 Setting up libubsan1:amd64 (12.2.0-14+deb12u1) ...
#10 20.34 Setting up libcrypt-dev:amd64 (1:4.4.33-2) ...
#10 20.36 Setting up libasan8:amd64 (12.2.0-14+deb12u1) ...
#10 20.38 Setting up libkrb5-3:amd64 (1.20.1-2+deb12u5) ...
#10 20.39 Setting up libtsan2:amd64 (12.2.0-14+deb12u1) ...
#10 20.41 Setting up libbinutils:amd64 (2.40-2) ...
#10 20.42 Setting up libisl23:amd64 (0.25-1.1) ...
#10 20.44 Setting up libc-dev-bin (2.36-9+deb12u14) ...
#10 20.46 Setting up readline-common (8.2-1.3) ...
#10 20.48 Setting up libcc1-0:amd64 (12.2.0-14+deb12u1) ...
#10 20.49 Setting up liblsan0:amd64 (12.2.0-14+deb12u1) ...
#10 20.51 Setting up libitm1:amd64 (12.2.0-14+deb12u1) ...
#10 20.52 Setting up libctf0:amd64 (2.40-2) ...
#10 20.54 Setting up cpp-12 (12.2.0-14+deb12u1) ...
#10 20.55 Setting up libreadline8:amd64 (8.2-1.3) ...
#10 20.57 Setting up libgprofng0:amd64 (2.40-2) ...
#10 20.58 Setting up libgcc-12-dev:amd64 (12.2.0-14+deb12u1) ...
#10 20.60 Setting up libgssapi-krb5-2:amd64 (1.20.1-2+deb12u5) ...
#10 20.61 Setting up cpp (4:12.2.0-3) ...
#10 20.64 Setting up binutils-x86-64-linux-gnu (2.40-2) ...
#10 20.65 Setting up libtirpc3:amd64 (1.3.3+ds-1) ...
#10 20.67 Setting up binutils (2.40-2) ...
#10 20.69 Setting up libtirpc-dev:amd64 (1.3.3+ds-1) ...
#10 20.70 Setting up gcc-12 (12.2.0-14+deb12u1) ...
#10 20.72 Setting up libnsl2:amd64 (1.3.0-2) ...
#10 20.73 Setting up libpython3.11-stdlib:amd64 (3.11.2-6+deb12u8) ...
#10 20.75 Setting up gcc (4:12.2.0-3) ...
#10 20.78 Setting up libnsl-dev:amd64 (1.3.0-2) ...
#10 20.79 Setting up libc6-dev:amd64 (2.36-9+deb12u14) ...
#10 20.81 Setting up libpython3-stdlib:amd64 (3.11.2-1+b1) ...
#10 20.82 Setting up python3.11 (3.11.2-6+deb12u8) ...
#10 21.43 Setting up libstdc++-12-dev:amd64 (12.2.0-14+deb12u1) ...
#10 21.45 Setting up python3 (3.11.2-1+b1) ...
#10 21.47 running python rtupdate hooks for python3.11...
#10 21.47 running python post-rtupdate hooks for python3.11...
#10 21.55 Setting up g++-12 (12.2.0-14+deb12u1) ...
#10 21.56 Setting up g++ (4:12.2.0-3) ...
#10 21.58 update-alternatives: using /usr/bin/g++ to provide /usr/bin/c++ (c++) in auto mode
#10 21.58 Processing triggers for libc-bin (2.36-9+deb12u14) ...
#10 DONE 21.8s

#11 [app deps 4/5] COPY package.json package-lock.json ./
#11 DONE 0.1s

#12 [migrate deps 5/5] RUN npm ci
#12 2.040 npm warn deprecated rimraf@3.0.2: Rimraf versions prior to v4 are no longer supported
#12 2.898 npm warn deprecated inflight@1.0.6: This module is not supported, and leaks memory. Do not use it. Check out lru-cache if you want a good and tested way to coalesce async requests by a key value, which is much more comprehensive and powerful.
#12 3.032 npm warn deprecated glob@7.2.3: Old versions of glob are not supported, and contain widely publicized security vulnerabilities, which have been fixed in the current version. Please update. Support for old versions may be purchased (at exorbitant rates) by contacting i@izs.me
#12 4.089 npm warn deprecated @humanwhocodes/config-array@0.13.0: Use @eslint/config-array instead
#12 4.126 npm warn deprecated @humanwhocodes/object-schema@2.0.3: Use @eslint/object-schema instead
#12 8.570 npm warn deprecated eslint@8.57.1: This version is no longer supported. Please see https://eslint.org/version-support for other options.
#12 10.98
#12 10.98 > portfolio-website@0.0.1 prepare
#12 10.98 > svelte-kit sync || echo ''
#12 10.98
#12 11.03 Missing Svelte config file in /app — skipping
#12 11.04
#12 11.04 added 341 packages, and audited 342 packages in 11s
#12 11.04
#12 11.04 80 packages are looking for funding
#12 11.04   run `npm fund` for details
#12 11.09
#12 11.09 16 vulnerabilities (1 low, 4 moderate, 11 high)
#12 11.09
#12 11.09 To address all issues, run:
#12 11.09   npm audit fix
#12 11.09
#12 11.09 Run `npm audit` for details.
#12 11.09 npm notice
#12 11.09 npm notice New minor version of npm available! 11.6.2 -> 11.19.0
#12 11.09 npm notice Changelog: https://github.com/npm/cli/releases/tag/v11.19.0
#12 11.09 npm notice To update run: npm install -g npm@11.19.0
#12 11.09 npm notice
#12 DONE 11.4s

#13 [static-seed build 1/2] COPY . .
#13 DONE 0.2s

#14 [static-seed build 2/2] RUN npm run build
#14 0.342
#14 0.342 > portfolio-website@0.0.1 build
#14 0.342 > vite build
#14 0.342
#14 0.511 ▲ [WARNING] Cannot find base config file "./.svelte-kit/tsconfig.json" [tsconfig.json]
#14 0.511
#14 0.511     tsconfig.json:2:12:
#14 0.511       2 │   "extends": "./.svelte-kit/tsconfig.json",
#14 0.511         ╵              ~~~~~~~~~~~~~~~~~~~~~~~~~~~~~
#14 0.511
#14 1.366 vite v7.3.1 building ssr environment for production...
#14 1.419 transforming...
#14 2.857 Browserslist: browsers data (caniuse-lite) is 7 months old. Please run:
#14 2.857   npx update-browserslist-db@latest
#14 2.857   Why you should do it regularly: https://github.com/browserslist/update-db#readme
#14 3.936 ✓ 279 modules transformed.
#14 4.066 rendering chunks...
#14 4.783 vite v7.3.1 building client environment for production...
#14 4.801 transforming...
#14 6.346 ✓ 225 modules transformed.
#14 6.454 rendering chunks...
#14 6.519 computing gzip size...
#14 6.535 .svelte-kit/output/client/_app/version.json                                 0.03 kB │ gzip:  0.05 kB
#14 6.535 .svelte-kit/output/client/.vite/manifest.json                              19.95 kB │ gzip:  1.91 kB
#14 6.535 .svelte-kit/output/client/_app/immutable/assets/MotionReveal.Cuqku6Fg.css   0.78 kB │ gzip:  0.31 kB
#14 6.535 .svelte-kit/output/client/_app/immutable/assets/0.D_aYkTrP.css             52.13 kB │ gzip: 10.69 kB
#14 6.535 .svelte-kit/output/client/_app/immutable/entry/start.vnos5OAa.js            0.08 kB │ gzip:  0.09 kB
#14 6.535 .svelte-kit/output/client/_app/immutable/chunks/DCn4IeSa.js                 0.20 kB │ gzip:  0.19 kB
#14 6.535 .svelte-kit/output/client/_app/immutable/chunks/Dgt_E7ws.js                 0.26 kB │ gzip:  0.20 kB
#14 6.535 .svelte-kit/output/client/_app/immutable/chunks/Ce_Lz4dt.js                 0.30 kB │ gzip:  0.22 kB
#14 6.535 .svelte-kit/output/client/_app/immutable/chunks/C61l5j81.js                 0.60 kB │ gzip:  0.37 kB
#14 6.535 .svelte-kit/output/client/_app/immutable/chunks/D_GMDxAP.js                 0.82 kB │ gzip:  0.45 kB
#14 6.535 .svelte-kit/output/client/_app/immutable/chunks/Cjm2G8Xg.js                 0.83 kB │ gzip:  0.53 kB
#14 6.535 .svelte-kit/output/client/_app/immutable/chunks/SEFR5P9L.js                 0.86 kB │ gzip:  0.53 kB
#14 6.535 .svelte-kit/output/client/_app/immutable/chunks/CiXwbQIJ.js                 0.96 kB │ gzip:  0.56 kB
#14 6.535 .svelte-kit/output/client/_app/immutable/chunks/BQVMc4vX.js                 1.00 kB │ gzip:  0.62 kB
#14 6.536 .svelte-kit/output/client/_app/immutable/nodes/4.Bh03iqC_.js                1.10 kB │ gzip:  0.62 kB
#14 6.536 .svelte-kit/output/client/_app/immutable/nodes/3.BcA8lJOG.js                1.10 kB │ gzip:  0.62 kB
#14 6.536 .svelte-kit/output/client/_app/immutable/nodes/5.BWUVF7SB.js                1.10 kB │ gzip:  0.63 kB
#14 6.536 .svelte-kit/output/client/_app/immutable/nodes/26.CB_MiBul.js               1.13 kB │ gzip:  0.63 kB
#14 6.536 .svelte-kit/output/client/_app/immutable/chunks/CA8vC_lJ.js                 1.15 kB │ gzip:  0.63 kB
#14 6.536 .svelte-kit/output/client/_app/immutable/chunks/Nc5T4hiU.js                 1.23 kB │ gzip:  0.63 kB
#14 6.536 .svelte-kit/output/client/_app/immutable/nodes/1.DZlQXj_r.js                1.76 kB │ gzip:  1.00 kB
#14 6.536 .svelte-kit/output/client/_app/immutable/chunks/zjNIMgA_.js                 1.93 kB │ gzip:  1.03 kB
#14 6.536 .svelte-kit/output/client/_app/immutable/nodes/14.CyuSsvVU.js               1.93 kB │ gzip:  0.95 kB
#14 6.536 .svelte-kit/output/client/_app/immutable/chunks/BzwyYbMo.js                 2.06 kB │ gzip:  0.93 kB
#14 6.536 .svelte-kit/output/client/_app/immutable/nodes/30.B3Asnaog.js               2.23 kB │ gzip:  1.09 kB
#14 6.536 .svelte-kit/output/client/_app/immutable/chunks/DaWMlaus.js                 2.30 kB │ gzip:  1.17 kB
#14 6.536 .svelte-kit/output/client/_app/immutable/nodes/8.BIEgkCvP.js                2.54 kB │ gzip:  1.21 kB
#14 6.536 .svelte-kit/output/client/_app/immutable/nodes/28.C5N6cZOD.js               2.58 kB │ gzip:  1.27 kB
#14 6.536 .svelte-kit/output/client/_app/immutable/nodes/22.D4gRcQ3W.js               2.66 kB │ gzip:  1.32 kB
#14 6.536 .svelte-kit/output/client/_app/immutable/chunks/D7FSSOBF.js                 2.78 kB │ gzip:  1.46 kB
#14 6.536 .svelte-kit/output/client/_app/immutable/nodes/20.CZEYaH7v.js               2.87 kB │ gzip:  1.33 kB
#14 6.536 .svelte-kit/output/client/_app/immutable/nodes/25.B0TKxmr7.js               2.99 kB │ gzip:  1.43 kB
#14 6.538 .svelte-kit/output/client/_app/immutable/nodes/23.DLdlPW0g.js               3.13 kB │ gzip:  1.42 kB
#14 6.538 .svelte-kit/output/client/_app/immutable/nodes/6.B_M2sFE9.js                3.25 kB │ gzip:  1.52 kB
#14 6.538 .svelte-kit/output/client/_app/immutable/nodes/10.Dtyqietz.js               3.26 kB │ gzip:  1.32 kB
#14 6.538 .svelte-kit/output/client/_app/immutable/chunks/iqxp38yK.js                 3.34 kB │ gzip:  1.60 kB
#14 6.538 .svelte-kit/output/client/_app/immutable/nodes/15.EEr6vw2T.js               3.38 kB │ gzip:  1.60 kB
#14 6.538 .svelte-kit/output/client/_app/immutable/nodes/21.D5KNT6et.js               3.56 kB │ gzip:  1.53 kB
#14 6.538 .svelte-kit/output/client/_app/immutable/nodes/2.Bv4AejKt.js                3.71 kB │ gzip:  1.55 kB
#14 6.538 .svelte-kit/output/client/_app/immutable/chunks/FOP3d5H8.js                 3.89 kB │ gzip:  1.84 kB
#14 6.538 .svelte-kit/output/client/_app/immutable/nodes/24.C-zf-0qm.js               4.43 kB │ gzip:  1.67 kB
#14 6.538 .svelte-kit/output/client/_app/immutable/chunks/f2AbfuAz.js                 4.50 kB │ gzip:  1.90 kB
#14 6.539 .svelte-kit/output/client/_app/immutable/nodes/27.oUBuARhM.js               5.08 kB │ gzip:  1.84 kB
#14 6.539 .svelte-kit/output/client/_app/immutable/nodes/16.BeXEFp8t.js               5.08 kB │ gzip:  1.56 kB
#14 6.539 .svelte-kit/output/client/_app/immutable/nodes/18.CPiu20il.js               5.09 kB │ gzip:  1.60 kB
#14 6.539 .svelte-kit/output/client/_app/immutable/nodes/12.Dv_9EDl4.js               5.37 kB │ gzip:  1.60 kB
#14 6.539 .svelte-kit/output/client/_app/immutable/nodes/7.DkfpIavW.js                5.48 kB │ gzip:  2.13 kB
#14 6.539 .svelte-kit/output/client/_app/immutable/chunks/DbwxkmPb.js                 5.49 kB │ gzip:  2.32 kB
#14 6.539 .svelte-kit/output/client/_app/immutable/nodes/29.Br316NJ_.js               6.31 kB │ gzip:  2.51 kB
#14 6.540 .svelte-kit/output/client/_app/immutable/nodes/0.Bf7tQA78.js                6.31 kB │ gzip:  2.77 kB
#14 6.541 .svelte-kit/output/client/_app/immutable/nodes/31.BtyvnRHs.js               6.55 kB │ gzip:  2.48 kB
#14 6.541 .svelte-kit/output/client/_app/immutable/entry/app.BbJ8Ilou.js             10.17 kB │ gzip:  3.63 kB
#14 6.541 .svelte-kit/output/client/_app/immutable/nodes/11.BAwyirp3.js              11.21 kB │ gzip:  3.28 kB
#14 6.542 .svelte-kit/output/client/_app/immutable/nodes/13.Drk7mbFn.js              16.00 kB │ gzip:  3.96 kB
#14 6.543 .svelte-kit/output/client/_app/immutable/nodes/17.zAv-5Z6I.js              16.60 kB │ gzip:  5.11 kB
#14 6.543 .svelte-kit/output/client/_app/immutable/nodes/9.C3mHea14.js               26.52 kB │ gzip:  6.01 kB
#14 6.543 .svelte-kit/output/client/_app/immutable/chunks/Dkm-8zsc.js                30.60 kB │ gzip: 12.01 kB
#14 6.543 .svelte-kit/output/client/_app/immutable/chunks/BI0Bi3PG.js                30.68 kB │ gzip: 12.01 kB
#14 6.543 .svelte-kit/output/client/_app/immutable/nodes/19.DIuDjxQC.js              34.17 kB │ gzip:  7.04 kB
#14 6.543 ✓ built in 1.76s
#14 6.711 .svelte-kit/output/server/.vite/manifest.json                                     25.22 kB
#14 6.711 .svelte-kit/output/server/_app/immutable/assets/MotionReveal.Cuqku6Fg.css          0.78 kB
#14 6.711 .svelte-kit/output/server/_app/immutable/assets/_layout.CKeexn6r.css              51.81 kB
#14 6.711 .svelte-kit/output/server/chunks/false.js                                          0.05 kB
#14 6.711 .svelte-kit/output/server/entries/endpoints/favicon.ico/_server.ts.js              0.17 kB
#14 6.711 .svelte-kit/output/server/chunks/shared-server.js                                  0.28 kB
#14 6.711 .svelte-kit/output/server/entries/pages/crisis-counter/_page.server.ts.js          0.29 kB
#14 6.711 .svelte-kit/output/server/entries/pages/about/_page.server.ts.js                   0.35 kB
#14 6.711 .svelte-kit/output/server/entries/pages/blog/_page.server.ts.js                    0.35 kB
#14 6.711 .svelte-kit/output/server/internal.js                                              0.38 kB
#14 6.711 .svelte-kit/output/server/entries/pages/admin/tracking/_page.server.ts.js          0.39 kB
#14 6.711 .svelte-kit/output/server/entries/pages/_layout.server.ts.js                       0.41 kB
#14 6.711 .svelte-kit/output/server/entries/pages/work/_page.server.ts.js                    0.41 kB
#14 6.711 .svelte-kit/output/server/entries/pages/_page.server.ts.js                         0.58 kB
#14 6.711 .svelte-kit/output/server/entries/pages/resume/_page.server.ts.js                  0.59 kB
#14 6.711 .svelte-kit/output/server/entries/pages/blog/_slug_/_page.server.ts.js             0.60 kB
#14 6.711 .svelte-kit/output/server/chunks/environment.js                                    0.62 kB
#14 6.711 .svelte-kit/output/server/chunks/MarkdownContent.js                                0.64 kB
#14 6.711 .svelte-kit/output/server/entries/pages/work/_slug_/_page.server.ts.js             0.77 kB
#14 6.711 .svelte-kit/output/server/chunks/rateLimit.js                                      0.81 kB
#14 6.711 .svelte-kit/output/server/chunks/StatusIndicator.js                                0.88 kB
#14 6.711 .svelte-kit/output/server/entries/pages/404/_page.svelte.js                        0.96 kB
#14 6.711 .svelte-kit/output/server/chunks/stores.js                                         0.96 kB
#14 6.711 .svelte-kit/output/server/entries/pages/403/_page.svelte.js                        0.96 kB
#14 6.711 .svelte-kit/output/server/entries/pages/500/_page.svelte.js                        0.96 kB
#14 6.711 .svelte-kit/output/server/entries/pages/maintenance/_page.svelte.js                0.98 kB
#14 6.712 .svelte-kit/output/server/entries/pages/admin/_page.server.ts.js                   1.07 kB
#14 6.712 .svelte-kit/output/server/entries/pages/admin/about/_page.server.ts.js             1.07 kB
#14 6.712 .svelte-kit/output/server/chunks/MetadataGrid.js                                   1.13 kB
#14 6.712 .svelte-kit/output/server/chunks/utils.js                                          1.15 kB
#14 6.712 .svelte-kit/output/server/chunks/SafeImage.js                                      1.18 kB
#14 6.712 .svelte-kit/output/server/entries/endpoints/healthz/_server.ts.js                  1.50 kB
#14 6.712 .svelte-kit/output/server/entries/pages/admin/site/_page.server.ts.js              1.51 kB
#14 6.712 .svelte-kit/output/server/entries/endpoints/sitemap.xml/_server.ts.js              1.52 kB
#14 6.712 .svelte-kit/output/server/entries/endpoints/rss.xml/_server.ts.js                  1.53 kB
#14 6.712 .svelte-kit/output/server/entries/pages/admin/errors/_page.server.ts.js            1.60 kB
#14 6.712 .svelte-kit/output/server/chunks/csrf.js                                           1.62 kB
#14 6.712 .svelte-kit/output/server/chunks/MotionReveal.js                                   1.68 kB
#14 6.712 .svelte-kit/output/server/entries/pages/admin/resume/_page.server.ts.js            1.69 kB
#14 6.712 .svelte-kit/output/server/entries/pages/admin/login/_page.server.ts.js             1.71 kB
#14 6.712 .svelte-kit/output/server/chunks/AdminNav.js                                       1.77 kB
#14 6.712 .svelte-kit/output/server/chunks/AdminModal.js                                     1.80 kB
#14 6.712 .svelte-kit/output/server/chunks/leadNotifications.js                              1.82 kB
#14 6.712 .svelte-kit/output/server/entries/pages/admin/contact/_page.server.ts.js           1.84 kB
#14 6.712 .svelte-kit/output/server/entries/pages/admin/login/_page.svelte.js                1.93 kB
#14 6.712 .svelte-kit/output/server/entries/hooks.server.js                                  1.95 kB
#14 6.712 .svelte-kit/output/server/chunks/redis.js                                          2.06 kB
#14 6.712 .svelte-kit/output/server/entries/pages/subscribe/_page.server.ts.js               2.19 kB
#14 6.712 .svelte-kit/output/server/entries/pages/_error.svelte.js                           2.22 kB
#14 6.713 .svelte-kit/output/server/entries/pages/contact/_page.server.ts.js                 2.32 kB
#14 6.713 .svelte-kit/output/server/entries/pages/collaborate/_page.server.ts.js             2.33 kB
#14 6.713 .svelte-kit/output/server/entries/pages/work/_page.svelte.js                       2.52 kB
#14 6.713 .svelte-kit/output/server/entries/endpoints/tracking/pixel/_server.ts.js           2.65 kB
#14 6.713 .svelte-kit/output/server/entries/pages/collaborate/_page.svelte.js                2.72 kB
#14 6.713 .svelte-kit/output/server/chunks/SeoHead.js                                        2.92 kB
#14 6.713 .svelte-kit/output/server/entries/pages/contact/_page.svelte.js                    2.94 kB
#14 6.713 .svelte-kit/output/server/entries/pages/resume/_page.svelte.js                     2.96 kB
#14 6.713 .svelte-kit/output/server/entries/pages/admin/about/_page.svelte.js                2.96 kB
#14 6.713 .svelte-kit/output/server/entries/pages/about/_page.svelte.js                      3.02 kB
#14 6.713 .svelte-kit/output/server/entries/pages/blog/_page.svelte.js                       3.03 kB
#14 6.713 .svelte-kit/output/server/entries/pages/admin/crisis-counter/_page.server.ts.js    3.09 kB
#14 6.713 .svelte-kit/output/server/entries/pages/admin/contact/_page.svelte.js              3.34 kB
#14 6.713 .svelte-kit/output/server/entries/pages/_page.svelte.js                            3.69 kB
#14 6.713 .svelte-kit/output/server/entries/pages/admin/resume/_page.svelte.js               3.88 kB
#14 6.713 .svelte-kit/output/server/entries/pages/crisis-counter/_page.svelte.js             3.88 kB
#14 6.713 .svelte-kit/output/server/entries/pages/blog/_slug_/_page.svelte.js                3.97 kB
#14 6.713 .svelte-kit/output/server/entries/endpoints/tracking/events/_server.ts.js          4.29 kB
#14 6.713 .svelte-kit/output/server/entries/pages/admin/stack/_page.server.ts.js             4.46 kB
#14 6.713 .svelte-kit/output/server/chunks/contentValidation.js                              4.78 kB
#14 6.713 .svelte-kit/output/server/chunks/SystemTopology.js                                 4.80 kB
#14 6.714 .svelte-kit/output/server/entries/pages/cookie-policy/_page.svelte.js              5.09 kB
#14 6.714 .svelte-kit/output/server/chunks/auth.js                                           5.20 kB
#14 6.714 .svelte-kit/output/server/entries/pages/admin/footer/_page.server.ts.js            5.39 kB
#14 6.714 .svelte-kit/output/server/entries/pages/admin/site/_page.svelte.js                 5.50 kB
#14 6.714 .svelte-kit/output/server/entries/pages/admin/errors/_page.svelte.js               5.59 kB
#14 6.714 .svelte-kit/output/server/chunks/exports.js                                        5.59 kB
#14 6.714 .svelte-kit/output/server/chunks/telemetryStore.js                                 5.70 kB
#14 6.714 .svelte-kit/output/server/entries/pages/privacy-policy/_page.svelte.js             5.85 kB
#14 6.714 .svelte-kit/output/server/entries/pages/admin/tracking/_page.svelte.js             6.42 kB
#14 6.714 .svelte-kit/output/server/entries/pages/admin/_page.svelte.js                      6.90 kB
#14 6.714 .svelte-kit/output/server/entries/pages/_layout.svelte.js                          7.04 kB
#14 6.714 .svelte-kit/output/server/entries/pages/admin/blog/_page.server.ts.js              7.22 kB
#14 6.714 .svelte-kit/output/server/entries/pages/work/_slug_/_page.svelte.js                7.35 kB
#14 6.714 .svelte-kit/output/server/entries/pages/subscribe/_page.svelte.js                  8.05 kB
#14 6.714 .svelte-kit/output/server/chunks/postgres.js                                       9.86 kB
#14 6.714 .svelte-kit/output/server/entries/pages/admin/crisis-counter/_page.svelte.js      12.33 kB
#14 6.714 .svelte-kit/output/server/chunks/content.js                                       12.64 kB
#14 6.714 .svelte-kit/output/server/entries/pages/admin/work/_page.server.ts.js             13.17 kB
#14 6.714 .svelte-kit/output/server/entries/pages/admin/stack/_page.svelte.js               16.76 kB
#14 6.714 .svelte-kit/output/server/entries/pages/admin/footer/_page.svelte.js              17.14 kB
#14 6.714 .svelte-kit/output/server/remote-entry.js                                         19.00 kB
#14 6.714 .svelte-kit/output/server/chunks/shared.js                                        25.96 kB
#14 6.714 .svelte-kit/output/server/chunks/internal.js                                      28.98 kB
#14 6.714 .svelte-kit/output/server/entries/pages/admin/blog/_page.svelte.js                29.59 kB
#14 6.714 .svelte-kit/output/server/chunks/dataStore.js                                     39.06 kB
#14 6.714 .svelte-kit/output/server/entries/pages/admin/work/_page.svelte.js                41.03 kB
#14 6.715 .svelte-kit/output/server/chunks/cache.js                                         63.36 kB
#14 6.715 .svelte-kit/output/server/chunks/index.js                                         83.33 kB
#14 6.715 .svelte-kit/output/server/index.js                                               121.72 kB
#14 6.715 ✓ built in 5.35s
#14 6.716
#14 6.716 Run npm run preview to preview your production build locally.
#14 6.722
#14 6.722 > Using @sveltejs/adapter-node
#14 8.022   ✔ done
#14 DONE 8.2s

#15 [static-seed runner  3/12] COPY --from=build --chown=node:node /app/package.json /app/package-lock.json ./
#15 DONE 0.1s

#16 [static-seed runner  4/12] COPY --from=build --chown=node:node /app/node_modules ./node_modules
#16 DONE 1.7s

#17 [migrate runner  5/12] COPY --from=build --chown=node:node /app/build ./build
#17 DONE 0.2s

#18 [app runner  6/12] COPY --from=build --chown=node:node /app/.svelte-kit ./.svelte-kit
#18 DONE 0.2s

#19 [migrate runner  7/12] COPY --from=build --chown=node:node /app/static ./static
#19 DONE 0.1s

#20 [app runner  8/12] COPY --from=build --chown=node:node /app/static ./static-defaults
#20 DONE 0.1s

#21 [app runner  9/12] COPY --from=build --chown=node:node /app/scripts ./scripts
#21 DONE 0.1s

#22 [app runner 10/12] COPY --from=build --chown=node:node /app/src ./src
#22 DONE 0.1s

#23 [migrate runner 11/12] COPY --from=build --chown=node:node /app/svelte.config.js /app/tsconfig.json /app/vite.config.ts ./
#23 DONE 0.1s

#24 [migrate runner 12/12] RUN mkdir -p /data /app/static/uploads /app/static/assets/uploads /app/static/assets/work   && chown -R node:node /data /app/static /app/static-defaults
#24 DONE 0.2s

#25 [app] exporting to image
#25 exporting layers
#25 exporting layers 5.4s done
#25 exporting manifest sha256:eab360a57f5f8b33c1731350117debe8e4c1f186848f9f8c8d12b06b963add9a 0.0s done
#25 exporting config sha256:5e5206b9f41a4632ca19de9ac76aeed1f951cd2f99773c3589478a4bafe2a1e0 0.1s done
#25 exporting attestation manifest sha256:71e70d90209083396f7c25dfc796cd98c77f03421a8a6b8f2ccab61331a96ebe 0.1s done
#25 exporting manifest list sha256:b5d6b1a1a8805ec7188ce132cda486643196a99757944901bc631a309e25106f
#25 exporting manifest list sha256:b5d6b1a1a8805ec7188ce132cda486643196a99757944901bc631a309e25106f 0.1s done
#25 naming to docker.io/library/portfolio-website:latest 0.0s done
#25 unpacking to docker.io/library/portfolio-website:latest
#25 unpacking to docker.io/library/portfolio-website:latest 3.6s done
#25 DONE 9.5s

#26 [migrate] exporting to image
#26 exporting layers 5.4s done
#26 exporting manifest sha256:8989092e19c46099fad8529d3166ec5482c139e851fdc9a7725493a69a54c6c3 0.0s done
#26 exporting config sha256:16ff4361104c2b195a7d35fe953cb4c514afc36036f3bcbd89feb708dea48983 0.1s done
#26 exporting attestation manifest sha256:b5388d09846794fdf8269e039b8980c3b202da0917ca5ad6a3f605f540bec414 0.1s done
#26 exporting manifest list sha256:59142048282c77a3d3ee8516045cfff8c9e8244702553cdbc6b52a589c8e9bdb 0.0s done
#26 naming to docker.io/library/portfolio-website:latest 0.0s done
#26 unpacking to docker.io/library/portfolio-website:latest 3.6s done
#26 DONE 9.4s

#27 [static-seed] exporting to image
#27 exporting layers 5.4s done
#27 exporting manifest sha256:9cb8412bdff4094bc595a3447236cc7f444645f926ef8d04edcd6c9c6aefdeed 0.1s done
#27 exporting config sha256:271f287985f84a58d276b8dca8a41e0a1f995b2aa997d1d2ad87502a641d4c39 0.1s done
#27 exporting attestation manifest sha256:79727068211c4939c208a9cf1eaa08f2dabe618ede4426c7154bce28e0e9ab77 0.1s done
#27 exporting manifest list sha256:8b512352a39801f316564f700d5ea090202770e97780d5b038f7585bcf98fbfd 0.0s done
#27 naming to docker.io/library/portfolio-website:latest done
#27 unpacking to docker.io/library/portfolio-website:latest 3.6s done
#27 DONE 9.4s

#28 [static-seed] resolving provenance for metadata file
#28 ...

#29 [migrate] resolving provenance for metadata file
#29 DONE 0.1s

#28 [static-seed] resolving provenance for metadata file
#28 DONE 0.1s

#30 [app] resolving provenance for metadata file
#30 DONE 0.0s
[+] build 1/1
 ✔ Image portfolio-website:latest Built                                                                            67.3s

C:\Users\conne\Desktop\404connernotfound\404connernotfound.dev>docker compose up
env file C:\Users\conne\Desktop\404connernotfound\404connernotfound.dev\deploy\portfolio.env not found: GetFileAttributesEx C:\Users\conne\Desktop\404connernotfound\404connernotfound.dev\deploy\portfolio.env: The system cannot find the file specified.

What's next:
    Debug this Compose error with Gordon → docker ai "help me fix this compose error"

C:\Users\conne\Desktop\404connernotfound\404connernotfound.dev>docker compose up
error while interpolating services.postgres.environment.POSTGRES_PASSWORD: required variable POSTGRES_PASSWORD is missing a value: POSTGRES_PASSWORD must be set in deploy/portfolio.env

What's next:
    Debug this Compose error with Gordon → docker ai "help me fix this compose error"

C:\Users\conne\Desktop\404connernotfound\404connernotfound.dev>docker compose up
error while interpolating services.postgres.environment.POSTGRES_PASSWORD: required variable POSTGRES_PASSWORD is missing a value: POSTGRES_PASSWORD must be set in deploy/portfolio.env

What's next:
    Debug this Compose error with Gordon → docker ai "help me fix this compose error"

C:\Users\conne\Desktop\404connernotfound\404connernotfound.dev>docker compose up
error while interpolating services.postgres.environment.POSTGRES_PASSWORD: required variable POSTGRES_PASSWORD is missing a value: POSTGRES_PASSWORD must be set in deploy/portfolio.env

What's next:
    Debug this Compose error with Gordon → docker ai "help me fix this compose error"

C:\Users\conne\Desktop\404connernotfound\404connernotfound.dev>docker compose build
error while interpolating services.postgres.environment.POSTGRES_PASSWORD: required variable POSTGRES_PASSWORD is missing a value: POSTGRES_PASSWORD must be set in deploy/portfolio.env

What's next:
    Debug this Compose error with Gordon → docker ai "help me fix this compose error"

C:\Users\conne\Desktop\404connernotfound\404connernotfound.dev>docker compose build
error while interpolating services.postgres.environment.POSTGRES_PASSWORD: required variable POSTGRES_PASSWORD is missing a value: POSTGRES_PASSWORD must be set in deploy/portfolio.env

What's next:
    Debug this Compose error with Gordon → docker ai "help me fix this compose error"